
> maiawall-homolog@0.0.0 start
> ng serve --host 127.0.0.1 --port 4200

[33m>[39m Building...
[32m√[39m Building...
[1mInitial chunk files[22m[2m | [22m[1mNames[22m                     [2m | [22m[1mRaw size[22m
[32mpolyfills.js[39m       [2m | [22m[2mpolyfills[22m                 [2m | [22m[36m89.77 kB[39m[2m | [22m
[32mstyles.css[39m         [2m | [22m[2mstyles[22m                    [2m | [22m [36m5.66 kB[39m[2m | [22m
[32mmain.js[39m            [2m | [22m[2mmain[22m                      [2m | [22m [36m3.96 kB[39m[2m | [22m

[1m [22m                  [2m | [22m[1mInitial total[22m             [2m | [22m[1m99.38 kB[22m

[1mLazy chunk files[22m   [2m | [22m[1mNames[22m                     [2m | [22m[1mRaw size[22m
[32mchunk-GVACU2DD.js[39m  [2m | [22m[2mdashboard-layout-component[22m[2m | [22m [36m2.28 kB[39m[2m | [22m
[32mchunk-HUSPNOJP.js[39m  [2m | [22m[2mauth-layout-component[22m     [2m | [22m [36m2.15 kB[39m[2m | [22m
[32mchunk-EF73CNUE.js[39m  [2m | [22m[2mproject-details-component[22m [2m | [22m [36m2.12 kB[39m[2m | [22m
[32mchunk-HCJ7VUWT.js[39m  [2m | [22m[2mnotifications-component[22m   [2m | [22m [36m2.10 kB[39m[2m | [22m
[32mchunk-GE5REAKV.js[39m  [2m | [22m[2mdashboard-component[22m       [2m | [22m [36m1.99 kB[39m[2m | [22m
[32mchunk-OZWFWQ3R.js[39m  [2m | [22m[2mnot-found-component[22m       [2m | [22m [36m1.98 kB[39m[2m | [22m
[32mchunk-ZZEGZMQV.js[39m  [2m | [22m[2mprojects-component[22m        [2m | [22m [36m1.96 kB[39m[2m | [22m
[32mchunk-NDCB4NFF.js[39m  [2m | [22m[2mprofile-component[22m         [2m | [22m [36m1.93 kB[39m[2m | [22m
[32mchunk-AAEEIM5C.js[39m  [2m | [22m[2mlogin-component[22m           [2m | [22m [36m1.87 kB[39m[2m | [22m

Application bundle generation complete. [3.219 seconds]

Watch mode enabled. Watching for file changes...
NOTE: Raw file sizes do not reflect development server per-request transformations.
  [32m➜[39m  [1mLocal[22m:   [36mhttp://127.0.0.1:[1m4200[22m/[39m
